3572
1843
1964
1668
1631
4471
3251
16713
2999
5816
1566
16185
2717
2410
14087
1916
4450
2061
2670
2143
2338
2327
6538
4233
17923
3574
3214
2852
3118
14431
2232
6494
43487
7456
5283
3751
4023
35882
9153
6282
20915
5981
32661
5837
3329
7098
finished ============================= test001
3572
1843
1964
1668
1631
4471
3251
16713
2999
5816
1566
16185
2717
2410
14087
1916
4450
2061
2670
2143
2338
2327
6538
4233
17923
3574
3214
2852
3118
14431
2232
6494
43487
7456
5283
3751
4023
35882
9153
6282
20915
5981
32661
5837
3329
7098
finished ============================= test002
finished ============================= test003
4450
2061
2670
2143
2338
2327
6538
4233
17923
3574
3214
2852
3118
14431
2232
finished ============================= test004
4450
4450
2061
2061
2670
2670
2143
2143
2338
2338
2327
2327
6538
6538
4233
4233
17923
17923
3574
3574
3214
3214
2852
2852
3118
3118
14431
14431
2232
2232
finished ============================= test005
3572
1843
1964
1668
1631
4471
3251
16713
2999
5816
1566
16185
2717
2410
14087
1916
4450
2061
2670
2143
2338
2327
6538
4233
17923
3574
3214
2852
3118
14431
2232
6494
43487
7456
5283
3751
4023
35882
9153
6282
20915
5981
32661
5837
3329
7098
finished ============================= test006
4450
2061
2670
2143
2338
2327
6538
4233
17923
3574
3214
2852
3118
14431
2232
finished ============================= test007
4450
4450
2061
2061
2670
2670
2143
2143
2338
2338
2327
2327
6538
6538
4233
4233
17923
17923
3574
3574
3214
3214
2852
2852
3118
3118
14431
14431
2232
2232
finished ============================= test010
finished ============================= test011
finished ============================= test012
finished ============================= test013
finished ============================= test014
finished ============================= test015
finished ============================= test016
finished ============================= test017
finished ============================= test008
finished ============================= test009
