...
xx-1.2/catalog
   pkgpathname          = "xx-1.2/catalog"
   prepath              = "xx-1.2"
   dfiles               = ""
   pfiles               = ""
   product_control_dir  = ""
   fileset_dir          = ""
   pathname             = ""
   filename             = ""
   is catalog           = "1"
   control_depth        = "0"
...
xx-1.2/catalog/INDEX
   pkgpathname          = "xx-1.2/catalog/INDEX"
   prepath              = "xx-1.2"
   dfiles               = ""
   pfiles               = ""
   product_control_dir  = ""
   fileset_dir          = ""
   pathname             = "INDEX"
   filename             = "INDEX"
   is catalog           = "1"
   control_depth        = "0"
...
xx-1.2/catalog/dfiles
   pkgpathname          = "xx-1.2/catalog/dfiles"
   prepath              = "xx-1.2"
   dfiles               = "dfiles"
   pfiles               = ""
   product_control_dir  = ""
   fileset_dir          = ""
   pathname             = ""
   filename             = ""
   is catalog           = "1"
   control_depth        = "0"
...
xx-1.2/catalog/dfiles/INDEX
   pkgpathname          = "xx-1.2/catalog/dfiles/INDEX"
   prepath              = "xx-1.2"
   dfiles               = "dfiles"
   pfiles               = ""
   product_control_dir  = ""
   fileset_dir          = ""
   pathname             = "INDEX"
   filename             = "INDEX"
   is catalog           = "1"
   control_depth        = "0"
...
xx-1.2/catalog/dfiles/INFO
   pkgpathname          = "xx-1.2/catalog/dfiles/INFO"
   prepath              = "xx-1.2"
   dfiles               = "dfiles"
   pfiles               = ""
   product_control_dir  = ""
   fileset_dir          = ""
   pathname             = "INFO"
   filename             = "INFO"
   is catalog           = "1"
   control_depth        = "0"
...
xx-1.2/catalog/dfiles/postinstall
   pkgpathname          = "xx-1.2/catalog/dfiles/postinstall"
   prepath              = "xx-1.2"
   dfiles               = "dfiles"
   pfiles               = ""
   product_control_dir  = ""
   fileset_dir          = ""
   pathname             = "postinstall"
   filename             = "postinstall"
   is catalog           = "1"
   control_depth        = "0"
...
xx-1.2/catalog/dfiles/preinstall
   pkgpathname          = "xx-1.2/catalog/dfiles/preinstall"
   prepath              = "xx-1.2"
   dfiles               = "dfiles"
   pfiles               = ""
   product_control_dir  = ""
   fileset_dir          = ""
   pathname             = "preinstall"
   filename             = "preinstall"
   is catalog           = "1"
   control_depth        = "0"
...
xx-1.2/src/main.c
   pkgpathname          = "xx-1.2/src/main.c"
   prepath              = "xx-1.2"
   dfiles               = ""
   pfiles               = ""
   product_control_dir  = ""
   fileset_dir          = ""
   pathname             = "src/main.c"
   filename             = "main.c"
   is catalog           = "0"
   control_depth        = "0"
...
xx-1.2/src/supp.c
   pkgpathname          = "xx-1.2/src/supp.c"
   prepath              = "xx-1.2"
   dfiles               = ""
   pfiles               = ""
   product_control_dir  = ""
   fileset_dir          = ""
   pathname             = "src/supp.c"
   filename             = "supp.c"
   is catalog           = "0"
   control_depth        = "0"
...
xx-1.2/src/supp.h
   pkgpathname          = "xx-1.2/src/supp.h"
   prepath              = "xx-1.2"
   dfiles               = ""
   pfiles               = ""
   product_control_dir  = ""
   fileset_dir          = ""
   pathname             = "src/supp.h"
   filename             = "supp.h"
   is catalog           = "0"
   control_depth        = "0"
...
xx-1.2/doc/item.1
   pkgpathname          = "xx-1.2/doc/item.1"
   prepath              = "xx-1.2"
   dfiles               = ""
   pfiles               = ""
   product_control_dir  = ""
   fileset_dir          = ""
   pathname             = "doc/item.1"
   filename             = "item.1"
   is catalog           = "0"
   control_depth        = "0"
...
xx-1.2/include/item.h
   pkgpathname          = "xx-1.2/include/item.h"
   prepath              = "xx-1.2"
   dfiles               = ""
   pfiles               = ""
   product_control_dir  = ""
   fileset_dir          = ""
   pathname             = "include/item.h"
   filename             = "item.h"
   is catalog           = "0"
   control_depth        = "0"
