...
prepath0
   pkgpathname          = "prepath0"
   prepath              = "prepath0"
   dfiles               = ""
   pfiles               = ""
   product_control_dir  = ""
   fileset_dir          = ""
   pathname             = ""
   filename             = ""
   is catalog           = "-1"
...
prepath0/prepath
   pkgpathname          = "prepath0/prepath"
   prepath              = "prepath0/prepath"
   dfiles               = ""
   pfiles               = ""
   product_control_dir  = ""
   fileset_dir          = ""
   pathname             = ""
   filename             = ""
   is catalog           = "-1"
...
prepath0/prepath/catalog
   pkgpathname          = "prepath0/prepath/catalog"
   prepath              = "prepath0/prepath"
   dfiles               = ""
   pfiles               = ""
   product_control_dir  = ""
   fileset_dir          = ""
   pathname             = ""
   filename             = ""
   is catalog           = "1"
...
prepath0/prepath/catalog/INDEX
   pkgpathname          = "prepath0/prepath/catalog/INDEX"
   prepath              = "prepath0/prepath"
   dfiles               = ""
   pfiles               = ""
   product_control_dir  = ""
   fileset_dir          = ""
   pathname             = "INDEX"
   filename             = "INDEX"
   is catalog           = "1"
...
prepath0/prepath/catalog/mydfiles
   pkgpathname          = "prepath0/prepath/catalog/mydfiles"
   prepath              = "prepath0/prepath"
   dfiles               = "mydfiles"
   pfiles               = ""
   product_control_dir  = ""
   fileset_dir          = ""
   pathname             = ""
   filename             = ""
   is catalog           = "1"
...
prepath0/prepath/catalog/mydfiles/INFO
   pkgpathname          = "prepath0/prepath/catalog/mydfiles/INFO"
   prepath              = "prepath0/prepath"
   dfiles               = "mydfiles"
   pfiles               = ""
   product_control_dir  = ""
   fileset_dir          = ""
   pathname             = "INFO"
   filename             = "INFO"
   is catalog           = "1"
...
prepath0/prepath/catalog/mydfiles/signature
   pkgpathname          = "prepath0/prepath/catalog/mydfiles/signature"
   prepath              = "prepath0/prepath"
   dfiles               = "mydfiles"
   pfiles               = ""
   product_control_dir  = ""
   fileset_dir          = ""
   pathname             = "signature"
   filename             = "signature"
   is catalog           = "1"
...
prepath0/prepath/catalog/cc/myrfiles
   pkgpathname          = "prepath0/prepath/catalog/cc/myrfiles"
   prepath              = "prepath0/prepath"
   dfiles               = ""
   pfiles               = "myrfiles"
   product_control_dir  = "cc"
   fileset_dir          = ""
   pathname             = ""
   filename             = ""
   is catalog           = "1"
...
prepath0/prepath/catalog/cc/myrfiles/INFO
   pkgpathname          = "prepath0/prepath/catalog/cc/myrfiles/INFO"
   prepath              = "prepath0/prepath"
   dfiles               = ""
   pfiles               = "myrfiles"
   product_control_dir  = "cc"
   fileset_dir          = ""
   pathname             = "INFO"
   filename             = "INFO"
   is catalog           = "1"
...
prepath0/prepath/catalog/cc/myrfiles/uninstall
   pkgpathname          = "prepath0/prepath/catalog/cc/myrfiles/uninstall"
   prepath              = "prepath0/prepath"
   dfiles               = ""
   pfiles               = "myrfiles"
   product_control_dir  = "cc"
   fileset_dir          = ""
   pathname             = "uninstall"
   filename             = "uninstall"
   is catalog           = "1"
...
prepath0/prepath/catalog/cc/dd/INFO
   pkgpathname          = "prepath0/prepath/catalog/cc/dd/INFO"
   prepath              = "prepath0/prepath"
   dfiles               = ""
   pfiles               = ""
   product_control_dir  = "cc"
   fileset_dir          = "dd"
   pathname             = "INFO"
   filename             = "INFO"
   is catalog           = "1"
...
prepath0/prepath/catalog/prod2
   pkgpathname          = "prepath0/prepath/catalog/prod2"
   prepath              = "prepath0/prepath"
   dfiles               = ""
   pfiles               = ""
   product_control_dir  = "prod2"
   fileset_dir          = ""
   pathname             = ""
   filename             = ""
   is catalog           = "1"
...
prepath0/prepath/catalog/prod2/pfiles
   pkgpathname          = "prepath0/prepath/catalog/prod2/pfiles"
   prepath              = "prepath0/prepath"
   dfiles               = ""
   pfiles               = "pfiles"
   product_control_dir  = "prod2"
   fileset_dir          = ""
   pathname             = ""
   filename             = ""
   is catalog           = "1"
...
prepath0/prepath/catalog/prod2/pfiles/INFO
   pkgpathname          = "prepath0/prepath/catalog/prod2/pfiles/INFO"
   prepath              = "prepath0/prepath"
   dfiles               = ""
   pfiles               = "pfiles"
   product_control_dir  = "prod2"
   fileset_dir          = ""
   pathname             = "INFO"
   filename             = "INFO"
   is catalog           = "1"
...
prepath0/prepath/catalog/prod2/pfiles/configure
   pkgpathname          = "prepath0/prepath/catalog/prod2/pfiles/configure"
   prepath              = "prepath0/prepath"
   dfiles               = ""
   pfiles               = "pfiles"
   product_control_dir  = "prod2"
   fileset_dir          = ""
   pathname             = "configure"
   filename             = "configure"
   is catalog           = "1"
...
prepath0/prepath/catalog/prod2/fileset1/INFO
   pkgpathname          = "prepath0/prepath/catalog/prod2/fileset1/INFO"
   prepath              = "prepath0/prepath"
   dfiles               = ""
   pfiles               = ""
   product_control_dir  = "prod2"
   fileset_dir          = "fileset1"
   pathname             = "INFO"
   filename             = "INFO"
   is catalog           = "1"
...
prepath0/prepath/catalog/prod2/fileset1/preinstall
   pkgpathname          = "prepath0/prepath/catalog/prod2/fileset1/preinstall"
   prepath              = "prepath0/prepath"
   dfiles               = ""
   pfiles               = ""
   product_control_dir  = "prod2"
   fileset_dir          = "fileset1"
   pathname             = "preinstall"
   filename             = "preinstall"
   is catalog           = "1"
...
prepath0/prepath/catalog/prod2/fileset2/INFO
   pkgpathname          = "prepath0/prepath/catalog/prod2/fileset2/INFO"
   prepath              = "prepath0/prepath"
   dfiles               = ""
   pfiles               = ""
   product_control_dir  = "prod2"
   fileset_dir          = "fileset2"
   pathname             = "INFO"
   filename             = "INFO"
   is catalog           = "1"
...
prepath0/prepath/catalog/prod2/fileset2/preinstall
   pkgpathname          = "prepath0/prepath/catalog/prod2/fileset2/preinstall"
   prepath              = "prepath0/prepath"
   dfiles               = ""
   pfiles               = ""
   product_control_dir  = "prod2"
   fileset_dir          = "fileset2"
   pathname             = "preinstall"
   filename             = "preinstall"
   is catalog           = "1"
...
prepath0/prepath/cc
   pkgpathname          = "prepath0/prepath/cc"
   prepath              = "prepath0/prepath"
   dfiles               = ""
   pfiles               = ""
   product_control_dir  = "cc"
   fileset_dir          = ""
   pathname             = ""
   filename             = ""
   is catalog           = "0"
...
prepath0/prepath/cc/dd
   pkgpathname          = "prepath0/prepath/cc/dd"
   prepath              = "prepath0/prepath"
   dfiles               = ""
   pfiles               = ""
   product_control_dir  = "cc"
   fileset_dir          = "dd"
   pathname             = ""
   filename             = ""
   is catalog           = "0"
...
prepath0/prepath/cc/dd/etc/passwd
   pkgpathname          = "prepath0/prepath/cc/dd/etc/passwd"
   prepath              = "prepath0/prepath"
   dfiles               = ""
   pfiles               = ""
   product_control_dir  = "cc"
   fileset_dir          = "dd"
   pathname             = "etc/passwd"
   filename             = "passwd"
   is catalog           = "0"
...
prepath0/prepath/prod2
   pkgpathname          = "prepath0/prepath/prod2"
   prepath              = "prepath0/prepath"
   dfiles               = ""
   pfiles               = ""
   product_control_dir  = "prod2"
   fileset_dir          = ""
   pathname             = ""
   filename             = ""
   is catalog           = "0"
...
prepath0/prepath/prod2/fileset1
   pkgpathname          = "prepath0/prepath/prod2/fileset1"
   prepath              = "prepath0/prepath"
   dfiles               = ""
   pfiles               = ""
   product_control_dir  = "prod2"
   fileset_dir          = "fileset1"
   pathname             = ""
   filename             = ""
   is catalog           = "0"
...
prepath0/prepath/prod2/fileset1/usr/bin/cp
   pkgpathname          = "prepath0/prepath/prod2/fileset1/usr/bin/cp"
   prepath              = "prepath0/prepath"
   dfiles               = ""
   pfiles               = ""
   product_control_dir  = "prod2"
   fileset_dir          = "fileset1"
   pathname             = "usr/bin/cp"
   filename             = "cp"
   is catalog           = "0"
...
prepath0/prepath/prod2/fileset2
   pkgpathname          = "prepath0/prepath/prod2/fileset2"
   prepath              = "prepath0/prepath"
   dfiles               = ""
   pfiles               = ""
   product_control_dir  = "prod2"
   fileset_dir          = "fileset2"
   pathname             = ""
   filename             = ""
   is catalog           = "0"
...
prepath0/prepath/prod2/fileset2/usr/bin/mv
   pkgpathname          = "prepath0/prepath/prod2/fileset2/usr/bin/mv"
   prepath              = "prepath0/prepath"
   dfiles               = ""
   pfiles               = ""
   product_control_dir  = "prod2"
   fileset_dir          = "fileset2"
   pathname             = "usr/bin/mv"
   filename             = "mv"
   is catalog           = "0"
