pax Format Archive Header: (length: 512)
name        [catalog/^^^^^^^^^^^^^^^^^^^^^^^^^^^^^^^^^^^^^^^^^^^^^^^^^^^^^^^^^^^^^^^^^^^^^^^^^^^^^^^^^^^^^^^^^^^^]
mode        [0000750^]
uid         [0001750^] (1000)
gid         [0000160^] (112)
size        [00000000000^] (0)
chksum      [012412^ ]
typeflag    [5]
linkname    [^^^^^^^^^^^^^^^^^^^^^^^^^^^^^^^^^^^^^^^^^^^^^^^^^^^^^^^^^^^^^^^^^^^^^^^^^^^^^^^^^^^^^^^^^^^^^^^^^^^^]
magic       [ustar^]
version     [00]
devmajor    [0000000^] (0)
devminor    [0000000^] (0)
prefix      [^^^^^^^^^^^^^^^^^^^^^^^^^^^^^^^^^^^^^^^^^^^^^^^^^^^^^^^^^^^^^^^^^^^^^^^^^^^^^^^^^^^^^^^^^^^^^^^^^^^^^^^^^^^^^^^^^^^^^^^^^^^^^^^^^^^^^^^^^^^^^^^^^^^^^^^^^^^]
pax Format Archive Header: (length: 512)
name        [catalog/INDEX^^^^^^^^^^^^^^^^^^^^^^^^^^^^^^^^^^^^^^^^^^^^^^^^^^^^^^^^^^^^^^^^^^^^^^^^^^^^^^^^^^^^^^^]
mode        [0000640^]
uid         [0001750^] (1000)
gid         [0000160^] (112)
size        [00000000625^] (405)
chksum      [013210^ ]
typeflag    [0]
linkname    [^^^^^^^^^^^^^^^^^^^^^^^^^^^^^^^^^^^^^^^^^^^^^^^^^^^^^^^^^^^^^^^^^^^^^^^^^^^^^^^^^^^^^^^^^^^^^^^^^^^^]
magic       [ustar^]
version     [00]
devmajor    [0000000^] (0)
devminor    [0000000^] (0)
prefix      [^^^^^^^^^^^^^^^^^^^^^^^^^^^^^^^^^^^^^^^^^^^^^^^^^^^^^^^^^^^^^^^^^^^^^^^^^^^^^^^^^^^^^^^^^^^^^^^^^^^^^^^^^^^^^^^^^^^^^^^^^^^^^^^^^^^^^^^^^^^^^^^^^^^^^^^^^^^]
pax Format Archive Header: (length: 512)
name        [catalog/dfiles/^^^^^^^^^^^^^^^^^^^^^^^^^^^^^^^^^^^^^^^^^^^^^^^^^^^^^^^^^^^^^^^^^^^^^^^^^^^^^^^^^^^^^]
mode        [0000750^]
uid         [0001750^] (1000)
gid         [0000160^] (112)
size        [00000000000^] (0)
chksum      [013660^ ]
typeflag    [5]
linkname    [^^^^^^^^^^^^^^^^^^^^^^^^^^^^^^^^^^^^^^^^^^^^^^^^^^^^^^^^^^^^^^^^^^^^^^^^^^^^^^^^^^^^^^^^^^^^^^^^^^^^]
magic       [ustar^]
version     [00]
devmajor    [0000000^] (0)
devminor    [0000000^] (0)
prefix      [^^^^^^^^^^^^^^^^^^^^^^^^^^^^^^^^^^^^^^^^^^^^^^^^^^^^^^^^^^^^^^^^^^^^^^^^^^^^^^^^^^^^^^^^^^^^^^^^^^^^^^^^^^^^^^^^^^^^^^^^^^^^^^^^^^^^^^^^^^^^^^^^^^^^^^^^^^^]
pax Format Archive Header: (length: 512)
name        [catalog/dfiles/INFO^^^^^^^^^^^^^^^^^^^^^^^^^^^^^^^^^^^^^^^^^^^^^^^^^^^^^^^^^^^^^^^^^^^^^^^^^^^^^^^^^]
mode        [0000640^]
uid         [0001750^] (1000)
gid         [0000160^] (112)
size        [00000000101^] (65)
chksum      [014327^ ]
typeflag    [0]
linkname    [^^^^^^^^^^^^^^^^^^^^^^^^^^^^^^^^^^^^^^^^^^^^^^^^^^^^^^^^^^^^^^^^^^^^^^^^^^^^^^^^^^^^^^^^^^^^^^^^^^^^]
magic       [ustar^]
version     [00]
devmajor    [0000000^] (0)
devminor    [0000000^] (0)
prefix      [^^^^^^^^^^^^^^^^^^^^^^^^^^^^^^^^^^^^^^^^^^^^^^^^^^^^^^^^^^^^^^^^^^^^^^^^^^^^^^^^^^^^^^^^^^^^^^^^^^^^^^^^^^^^^^^^^^^^^^^^^^^^^^^^^^^^^^^^^^^^^^^^^^^^^^^^^^^]
pax Format Archive Header: (length: 512)
name        [catalog/tag1/^^^^^^^^^^^^^^^^^^^^^^^^^^^^^^^^^^^^^^^^^^^^^^^^^^^^^^^^^^^^^^^^^^^^^^^^^^^^^^^^^^^^^^^]
mode        [0000750^]
uid         [0001750^] (1000)
gid         [0000160^] (112)
size        [00000000000^] (0)
chksum      [013246^ ]
typeflag    [5]
linkname    [^^^^^^^^^^^^^^^^^^^^^^^^^^^^^^^^^^^^^^^^^^^^^^^^^^^^^^^^^^^^^^^^^^^^^^^^^^^^^^^^^^^^^^^^^^^^^^^^^^^^]
magic       [ustar^]
version     [00]
devmajor    [0000000^] (0)
devminor    [0000000^] (0)
prefix      [^^^^^^^^^^^^^^^^^^^^^^^^^^^^^^^^^^^^^^^^^^^^^^^^^^^^^^^^^^^^^^^^^^^^^^^^^^^^^^^^^^^^^^^^^^^^^^^^^^^^^^^^^^^^^^^^^^^^^^^^^^^^^^^^^^^^^^^^^^^^^^^^^^^^^^^^^^^]
pax Format Archive Header: (length: 512)
name        [catalog/tag1/pfiles/^^^^^^^^^^^^^^^^^^^^^^^^^^^^^^^^^^^^^^^^^^^^^^^^^^^^^^^^^^^^^^^^^^^^^^^^^^^^^^^^]
mode        [0000750^]
uid         [0001750^] (1000)
gid         [0000160^] (112)
size        [00000000000^] (0)
chksum      [014530^ ]
typeflag    [5]
linkname    [^^^^^^^^^^^^^^^^^^^^^^^^^^^^^^^^^^^^^^^^^^^^^^^^^^^^^^^^^^^^^^^^^^^^^^^^^^^^^^^^^^^^^^^^^^^^^^^^^^^^]
magic       [ustar^]
version     [00]
devmajor    [0000000^] (0)
devminor    [0000000^] (0)
prefix      [^^^^^^^^^^^^^^^^^^^^^^^^^^^^^^^^^^^^^^^^^^^^^^^^^^^^^^^^^^^^^^^^^^^^^^^^^^^^^^^^^^^^^^^^^^^^^^^^^^^^^^^^^^^^^^^^^^^^^^^^^^^^^^^^^^^^^^^^^^^^^^^^^^^^^^^^^^^]
pax Format Archive Header: (length: 512)
name        [catalog/tag1/pfiles/INFO^^^^^^^^^^^^^^^^^^^^^^^^^^^^^^^^^^^^^^^^^^^^^^^^^^^^^^^^^^^^^^^^^^^^^^^^^^^^]
mode        [0000640^]
uid         [0001750^] (1000)
gid         [0000160^] (112)
size        [00000000101^] (65)
chksum      [015177^ ]
typeflag    [0]
linkname    [^^^^^^^^^^^^^^^^^^^^^^^^^^^^^^^^^^^^^^^^^^^^^^^^^^^^^^^^^^^^^^^^^^^^^^^^^^^^^^^^^^^^^^^^^^^^^^^^^^^^]
magic       [ustar^]
version     [00]
devmajor    [0000000^] (0)
devminor    [0000000^] (0)
prefix      [^^^^^^^^^^^^^^^^^^^^^^^^^^^^^^^^^^^^^^^^^^^^^^^^^^^^^^^^^^^^^^^^^^^^^^^^^^^^^^^^^^^^^^^^^^^^^^^^^^^^^^^^^^^^^^^^^^^^^^^^^^^^^^^^^^^^^^^^^^^^^^^^^^^^^^^^^^^]
pax Format Archive Header: (length: 512)
name        [catalog/tag1/tag2/^^^^^^^^^^^^^^^^^^^^^^^^^^^^^^^^^^^^^^^^^^^^^^^^^^^^^^^^^^^^^^^^^^^^^^^^^^^^^^^^^^]
mode        [0000750^]
uid         [0001750^] (1000)
gid         [0000160^] (112)
size        [00000000000^] (0)
chksum      [014103^ ]
typeflag    [5]
linkname    [^^^^^^^^^^^^^^^^^^^^^^^^^^^^^^^^^^^^^^^^^^^^^^^^^^^^^^^^^^^^^^^^^^^^^^^^^^^^^^^^^^^^^^^^^^^^^^^^^^^^]
magic       [ustar^]
version     [00]
devmajor    [0000000^] (0)
devminor    [0000000^] (0)
prefix      [^^^^^^^^^^^^^^^^^^^^^^^^^^^^^^^^^^^^^^^^^^^^^^^^^^^^^^^^^^^^^^^^^^^^^^^^^^^^^^^^^^^^^^^^^^^^^^^^^^^^^^^^^^^^^^^^^^^^^^^^^^^^^^^^^^^^^^^^^^^^^^^^^^^^^^^^^^^]
pax Format Archive Header: (length: 512)
name        [catalog/tag1/tag2/INFO^^^^^^^^^^^^^^^^^^^^^^^^^^^^^^^^^^^^^^^^^^^^^^^^^^^^^^^^^^^^^^^^^^^^^^^^^^^^^^]
mode        [0000640^]
uid         [0001750^] (1000)
gid         [0000160^] (112)
size        [00000000316^] (206)
chksum      [014562^ ]
typeflag    [0]
linkname    [^^^^^^^^^^^^^^^^^^^^^^^^^^^^^^^^^^^^^^^^^^^^^^^^^^^^^^^^^^^^^^^^^^^^^^^^^^^^^^^^^^^^^^^^^^^^^^^^^^^^]
magic       [ustar^]
version     [00]
devmajor    [0000000^] (0)
devminor    [0000000^] (0)
prefix      [^^^^^^^^^^^^^^^^^^^^^^^^^^^^^^^^^^^^^^^^^^^^^^^^^^^^^^^^^^^^^^^^^^^^^^^^^^^^^^^^^^^^^^^^^^^^^^^^^^^^^^^^^^^^^^^^^^^^^^^^^^^^^^^^^^^^^^^^^^^^^^^^^^^^^^^^^^^]
pax Format Archive Header: (length: 512)
name        [tag1/^^^^^^^^^^^^^^^^^^^^^^^^^^^^^^^^^^^^^^^^^^^^^^^^^^^^^^^^^^^^^^^^^^^^^^^^^^^^^^^^^^^^^^^^^^^^^^^]
mode        [0000750^]
uid         [0001750^] (1000)
gid         [0000160^] (112)
size        [00000000000^] (0)
chksum      [011634^ ]
typeflag    [5]
linkname    [^^^^^^^^^^^^^^^^^^^^^^^^^^^^^^^^^^^^^^^^^^^^^^^^^^^^^^^^^^^^^^^^^^^^^^^^^^^^^^^^^^^^^^^^^^^^^^^^^^^^]
magic       [ustar^]
version     [00]
devmajor    [0000000^] (0)
devminor    [0000000^] (0)
prefix      [^^^^^^^^^^^^^^^^^^^^^^^^^^^^^^^^^^^^^^^^^^^^^^^^^^^^^^^^^^^^^^^^^^^^^^^^^^^^^^^^^^^^^^^^^^^^^^^^^^^^^^^^^^^^^^^^^^^^^^^^^^^^^^^^^^^^^^^^^^^^^^^^^^^^^^^^^^^]
pax Format Archive Header: (length: 512)
name        [tag1/tag2/^^^^^^^^^^^^^^^^^^^^^^^^^^^^^^^^^^^^^^^^^^^^^^^^^^^^^^^^^^^^^^^^^^^^^^^^^^^^^^^^^^^^^^^^^^]
mode        [0000750^]
uid         [0001750^] (1000)
gid         [0000160^] (112)
size        [00000000000^] (0)
chksum      [012471^ ]
typeflag    [5]
linkname    [^^^^^^^^^^^^^^^^^^^^^^^^^^^^^^^^^^^^^^^^^^^^^^^^^^^^^^^^^^^^^^^^^^^^^^^^^^^^^^^^^^^^^^^^^^^^^^^^^^^^]
magic       [ustar^]
version     [00]
devmajor    [0000000^] (0)
devminor    [0000000^] (0)
prefix      [^^^^^^^^^^^^^^^^^^^^^^^^^^^^^^^^^^^^^^^^^^^^^^^^^^^^^^^^^^^^^^^^^^^^^^^^^^^^^^^^^^^^^^^^^^^^^^^^^^^^^^^^^^^^^^^^^^^^^^^^^^^^^^^^^^^^^^^^^^^^^^^^^^^^^^^^^^^]
pax Format Archive Header: (length: 512)
name        [tag1/tag2/a/^^^^^^^^^^^^^^^^^^^^^^^^^^^^^^^^^^^^^^^^^^^^^^^^^^^^^^^^^^^^^^^^^^^^^^^^^^^^^^^^^^^^^^^^]
mode        [0000755^]
uid         [0000001^] (1)
gid         [0047037^] (19999)
size        [00000000000^] (0)
chksum      [013115^ ]
typeflag    [5]
linkname    [^^^^^^^^^^^^^^^^^^^^^^^^^^^^^^^^^^^^^^^^^^^^^^^^^^^^^^^^^^^^^^^^^^^^^^^^^^^^^^^^^^^^^^^^^^^^^^^^^^^^]
magic       [ustar^]
version     [00]
devmajor    [0000000^] (0)
devminor    [0000000^] (0)
prefix      [^^^^^^^^^^^^^^^^^^^^^^^^^^^^^^^^^^^^^^^^^^^^^^^^^^^^^^^^^^^^^^^^^^^^^^^^^^^^^^^^^^^^^^^^^^^^^^^^^^^^^^^^^^^^^^^^^^^^^^^^^^^^^^^^^^^^^^^^^^^^^^^^^^^^^^^^^^^]
