...
swbis.bin/
   pkgpathname          = "swbis.bin/"
   prepath              = "swbis.bin"
   dfiles               = ""
   pfiles               = ""
   product_control_dir  = ""
   fileset_dir          = ""
   pathname             = ""
   filename             = ""
   is catalog           = "-1"
...
swbis.bin/catalog/
   pkgpathname          = "swbis.bin/catalog/"
   prepath              = "swbis.bin"
   dfiles               = ""
   pfiles               = ""
   product_control_dir  = ""
   fileset_dir          = ""
   pathname             = ""
   filename             = ""
   is catalog           = "1"
...
swbis.bin/catalog/INDEX
   pkgpathname          = "swbis.bin/catalog/INDEX"
   prepath              = "swbis.bin"
   dfiles               = ""
   pfiles               = ""
   product_control_dir  = ""
   fileset_dir          = ""
   pathname             = "INDEX"
   filename             = "INDEX"
   is catalog           = "1"
...
swbis.bin/catalog/dfiles/
   pkgpathname          = "swbis.bin/catalog/dfiles/"
   prepath              = "swbis.bin"
   dfiles               = "dfiles"
   pfiles               = ""
   product_control_dir  = ""
   fileset_dir          = ""
   pathname             = ""
   filename             = ""
   is catalog           = "1"
...
swbis.bin/catalog/dfiles/INFO
   pkgpathname          = "swbis.bin/catalog/dfiles/INFO"
   prepath              = "swbis.bin"
   dfiles               = "dfiles"
   pfiles               = ""
   product_control_dir  = ""
   fileset_dir          = ""
   pathname             = "INFO"
   filename             = "INFO"
   is catalog           = "1"
...
swbis.bin/catalog/dfiles/checksig
   pkgpathname          = "swbis.bin/catalog/dfiles/checksig"
   prepath              = "swbis.bin"
   dfiles               = "dfiles"
   pfiles               = ""
   product_control_dir  = ""
   fileset_dir          = ""
   pathname             = "checksig"
   filename             = "checksig"
   is catalog           = "1"
...
swbis.bin/catalog/dfiles/md5sum
   pkgpathname          = "swbis.bin/catalog/dfiles/md5sum"
   prepath              = "swbis.bin"
   dfiles               = "dfiles"
   pfiles               = ""
   product_control_dir  = ""
   fileset_dir          = ""
   pathname             = "md5sum"
   filename             = "md5sum"
   is catalog           = "1"
...
swbis.bin/catalog/dfiles/sha1sum
   pkgpathname          = "swbis.bin/catalog/dfiles/sha1sum"
   prepath              = "swbis.bin"
   dfiles               = "dfiles"
   pfiles               = ""
   product_control_dir  = ""
   fileset_dir          = ""
   pathname             = "sha1sum"
   filename             = "sha1sum"
   is catalog           = "1"
...
swbis.bin/catalog/dfiles/adjunct_md5sum
   pkgpathname          = "swbis.bin/catalog/dfiles/adjunct_md5sum"
   prepath              = "swbis.bin"
   dfiles               = "dfiles"
   pfiles               = ""
   product_control_dir  = ""
   fileset_dir          = ""
   pathname             = "adjunct_md5sum"
   filename             = "adjunct_md5sum"
   is catalog           = "1"
...
swbis.bin/catalog/bin_package/
   pkgpathname          = "swbis.bin/catalog/bin_package/"
   prepath              = "swbis.bin"
   dfiles               = ""
   pfiles               = ""
   product_control_dir  = "bin_package"
   fileset_dir          = ""
   pathname             = ""
   filename             = ""
   is catalog           = "1"
...
swbis.bin/catalog/bin_package/pfiles/
   pkgpathname          = "swbis.bin/catalog/bin_package/pfiles/"
   prepath              = "swbis.bin"
   dfiles               = ""
   pfiles               = "pfiles"
   product_control_dir  = "bin_package"
   fileset_dir          = ""
   pathname             = ""
   filename             = ""
   is catalog           = "1"
...
swbis.bin/catalog/bin_package/pfiles/INFO
   pkgpathname          = "swbis.bin/catalog/bin_package/pfiles/INFO"
   prepath              = "swbis.bin"
   dfiles               = ""
   pfiles               = "pfiles"
   product_control_dir  = "bin_package"
   fileset_dir          = ""
   pathname             = "INFO"
   filename             = "INFO"
   is catalog           = "1"
...
swbis.bin/catalog/bin_package/bin/
   pkgpathname          = "swbis.bin/catalog/bin_package/bin/"
   prepath              = "swbis.bin"
   dfiles               = ""
   pfiles               = ""
   product_control_dir  = "bin_package"
   fileset_dir          = "bin"
   pathname             = ""
   filename             = ""
   is catalog           = "1"
...
swbis.bin/catalog/bin_package/bin/INFO
   pkgpathname          = "swbis.bin/catalog/bin_package/bin/INFO"
   prepath              = "swbis.bin"
   dfiles               = ""
   pfiles               = ""
   product_control_dir  = "bin_package"
   fileset_dir          = "bin"
   pathname             = "INFO"
   filename             = "INFO"
   is catalog           = "1"
...
swbis.bin/catalog/bin_package/libexec/
   pkgpathname          = "swbis.bin/catalog/bin_package/libexec/"
   prepath              = "swbis.bin"
   dfiles               = ""
   pfiles               = ""
   product_control_dir  = "bin_package"
   fileset_dir          = "libexec"
   pathname             = ""
   filename             = ""
   is catalog           = "1"
...
swbis.bin/catalog/bin_package/libexec/INFO
   pkgpathname          = "swbis.bin/catalog/bin_package/libexec/INFO"
   prepath              = "swbis.bin"
   dfiles               = ""
   pfiles               = ""
   product_control_dir  = "bin_package"
   fileset_dir          = "libexec"
   pathname             = "INFO"
   filename             = "INFO"
   is catalog           = "1"
...
swbis.bin/catalog/bin_package/doc/
   pkgpathname          = "swbis.bin/catalog/bin_package/doc/"
   prepath              = "swbis.bin"
   dfiles               = ""
   pfiles               = ""
   product_control_dir  = "bin_package"
   fileset_dir          = "doc"
   pathname             = ""
   filename             = ""
   is catalog           = "1"
...
swbis.bin/catalog/bin_package/doc/INFO
   pkgpathname          = "swbis.bin/catalog/bin_package/doc/INFO"
   prepath              = "swbis.bin"
   dfiles               = ""
   pfiles               = ""
   product_control_dir  = "bin_package"
   fileset_dir          = "doc"
   pathname             = "INFO"
   filename             = "INFO"
   is catalog           = "1"
...
swbis.bin/catalog/bin_package/man/
   pkgpathname          = "swbis.bin/catalog/bin_package/man/"
   prepath              = "swbis.bin"
   dfiles               = ""
   pfiles               = ""
   product_control_dir  = "bin_package"
   fileset_dir          = "man"
   pathname             = ""
   filename             = ""
   is catalog           = "1"
...
swbis.bin/catalog/bin_package/man/INFO
   pkgpathname          = "swbis.bin/catalog/bin_package/man/INFO"
   prepath              = "swbis.bin"
   dfiles               = ""
   pfiles               = ""
   product_control_dir  = "bin_package"
   fileset_dir          = "man"
   pathname             = "INFO"
   filename             = "INFO"
   is catalog           = "1"
...
swbis.bin/bin_package/
   pkgpathname          = "swbis.bin/bin_package/"
   prepath              = "swbis.bin"
   dfiles               = ""
   pfiles               = ""
   product_control_dir  = "bin_package"
   fileset_dir          = ""
   pathname             = ""
   filename             = ""
   is catalog           = "0"
...
swbis.bin/bin_package/bin/
   pkgpathname          = "swbis.bin/bin_package/bin/"
   prepath              = "swbis.bin"
   dfiles               = ""
   pfiles               = ""
   product_control_dir  = "bin_package"
   fileset_dir          = "bin"
   pathname             = ""
   filename             = ""
   is catalog           = "0"
...
swbis.bin/bin_package/bin/usr/bin/swign
   pkgpathname          = "swbis.bin/bin_package/bin/usr/bin/swign"
   prepath              = "swbis.bin"
   dfiles               = ""
   pfiles               = ""
   product_control_dir  = "bin_package"
   fileset_dir          = "bin"
   pathname             = "usr/bin/swign"
   filename             = "swign"
   is catalog           = "0"
...
swbis.bin/bin_package/bin/usr/bin/swverify
   pkgpathname          = "swbis.bin/bin_package/bin/usr/bin/swverify"
   prepath              = "swbis.bin"
   dfiles               = ""
   pfiles               = ""
   product_control_dir  = "bin_package"
   fileset_dir          = "bin"
   pathname             = "usr/bin/swverify"
   filename             = "swverify"
   is catalog           = "0"
...
swbis.bin/bin_package/bin/usr/bin/swpackage
   pkgpathname          = "swbis.bin/bin_package/bin/usr/bin/swpackage"
   prepath              = "swbis.bin"
   dfiles               = ""
   pfiles               = ""
   product_control_dir  = "bin_package"
   fileset_dir          = "bin"
   pathname             = "usr/bin/swpackage"
   filename             = "swpackage"
   is catalog           = "0"
...
swbis.bin/bin_package/libexec/
   pkgpathname          = "swbis.bin/bin_package/libexec/"
   prepath              = "swbis.bin"
   dfiles               = ""
   pfiles               = ""
   product_control_dir  = "bin_package"
   fileset_dir          = "libexec"
   pathname             = ""
   filename             = ""
   is catalog           = "0"
...
swbis.bin/bin_package/libexec/usr/libexec/swbis/
   pkgpathname          = "swbis.bin/bin_package/libexec/usr/libexec/swbis/"
   prepath              = "swbis.bin"
   dfiles               = ""
   pfiles               = ""
   product_control_dir  = "bin_package"
   fileset_dir          = "libexec"
   pathname             = "usr/libexec/swbis"
   filename             = "swbis"
   is catalog           = "0"
...
swbis.bin/bin_package/libexec/usr/libexec/swbis/arf2arf
   pkgpathname          = "swbis.bin/bin_package/libexec/usr/libexec/swbis/arf2arf"
   prepath              = "swbis.bin"
   dfiles               = ""
   pfiles               = ""
   product_control_dir  = "bin_package"
   fileset_dir          = "libexec"
   pathname             = "usr/libexec/swbis/arf2arf"
   filename             = "arf2arf"
   is catalog           = "0"
...
swbis.bin/bin_package/libexec/usr/libexec/swbis/swbistar
   pkgpathname          = "swbis.bin/bin_package/libexec/usr/libexec/swbis/swbistar"
   prepath              = "swbis.bin"
   dfiles               = ""
   pfiles               = ""
   product_control_dir  = "bin_package"
   fileset_dir          = "libexec"
   pathname             = "usr/libexec/swbis/swbistar"
   filename             = "swbistar"
   is catalog           = "0"
...
swbis.bin/bin_package/libexec/usr/libexec/swbis/swbisparse
   pkgpathname          = "swbis.bin/bin_package/libexec/usr/libexec/swbis/swbisparse"
   prepath              = "swbis.bin"
   dfiles               = ""
   pfiles               = ""
   product_control_dir  = "bin_package"
   fileset_dir          = "libexec"
   pathname             = "usr/libexec/swbis/swbisparse"
   filename             = "swbisparse"
   is catalog           = "0"
...
swbis.bin/bin_package/doc/
   pkgpathname          = "swbis.bin/bin_package/doc/"
   prepath              = "swbis.bin"
   dfiles               = ""
   pfiles               = ""
   product_control_dir  = "bin_package"
   fileset_dir          = "doc"
   pathname             = ""
   filename             = ""
   is catalog           = "0"
...
swbis.bin/bin_package/doc/usr/share/doc/swbis/
   pkgpathname          = "swbis.bin/bin_package/doc/usr/share/doc/swbis/"
   prepath              = "swbis.bin"
   dfiles               = ""
   pfiles               = ""
   product_control_dir  = "bin_package"
   fileset_dir          = "doc"
   pathname             = "usr/share/doc/swbis"
   filename             = "swbis"
   is catalog           = "0"
...
swbis.bin/bin_package/doc/usr/share/doc/swbis/COPYING
   pkgpathname          = "swbis.bin/bin_package/doc/usr/share/doc/swbis/COPYING"
   prepath              = "swbis.bin"
   dfiles               = ""
   pfiles               = ""
   product_control_dir  = "bin_package"
   fileset_dir          = "doc"
   pathname             = "usr/share/doc/swbis/COPYING"
   filename             = "COPYING"
   is catalog           = "0"
...
swbis.bin/bin_package/doc/usr/share/doc/swbis/README
   pkgpathname          = "swbis.bin/bin_package/doc/usr/share/doc/swbis/README"
   prepath              = "swbis.bin"
   dfiles               = ""
   pfiles               = ""
   product_control_dir  = "bin_package"
   fileset_dir          = "doc"
   pathname             = "usr/share/doc/swbis/README"
   filename             = "README"
   is catalog           = "0"
...
swbis.bin/bin_package/doc/usr/share/doc/swbis/lxpsf_1.html
   pkgpathname          = "swbis.bin/bin_package/doc/usr/share/doc/swbis/lxpsf_1.html"
   prepath              = "swbis.bin"
   dfiles               = ""
   pfiles               = ""
   product_control_dir  = "bin_package"
   fileset_dir          = "doc"
   pathname             = "usr/share/doc/swbis/lxpsf_1.html"
   filename             = "lxpsf_1.html"
   is catalog           = "0"
...
swbis.bin/bin_package/doc/usr/share/doc/swbis/swpackage_8.html
   pkgpathname          = "swbis.bin/bin_package/doc/usr/share/doc/swbis/swpackage_8.html"
   prepath              = "swbis.bin"
   dfiles               = ""
   pfiles               = ""
   product_control_dir  = "bin_package"
   fileset_dir          = "doc"
   pathname             = "usr/share/doc/swbis/swpackage_8.html"
   filename             = "swpackage_8.html"
   is catalog           = "0"
...
swbis.bin/bin_package/doc/usr/share/doc/swbis/swverify_8.html
   pkgpathname          = "swbis.bin/bin_package/doc/usr/share/doc/swbis/swverify_8.html"
   prepath              = "swbis.bin"
   dfiles               = ""
   pfiles               = ""
   product_control_dir  = "bin_package"
   fileset_dir          = "doc"
   pathname             = "usr/share/doc/swbis/swverify_8.html"
   filename             = "swverify_8.html"
   is catalog           = "0"
...
swbis.bin/bin_package/doc/usr/share/doc/swbis/swign_1.html
   pkgpathname          = "swbis.bin/bin_package/doc/usr/share/doc/swbis/swign_1.html"
   prepath              = "swbis.bin"
   dfiles               = ""
   pfiles               = ""
   product_control_dir  = "bin_package"
   fileset_dir          = "doc"
   pathname             = "usr/share/doc/swbis/swign_1.html"
   filename             = "swign_1.html"
   is catalog           = "0"
...
swbis.bin/bin_package/doc/usr/share/doc/swbis/sw_5.html
   pkgpathname          = "swbis.bin/bin_package/doc/usr/share/doc/swbis/sw_5.html"
   prepath              = "swbis.bin"
   dfiles               = ""
   pfiles               = ""
   product_control_dir  = "bin_package"
   fileset_dir          = "doc"
   pathname             = "usr/share/doc/swbis/sw_5.html"
   filename             = "sw_5.html"
   is catalog           = "0"
...
swbis.bin/bin_package/doc/usr/share/doc/swbis/swbisparse_1.html
   pkgpathname          = "swbis.bin/bin_package/doc/usr/share/doc/swbis/swbisparse_1.html"
   prepath              = "swbis.bin"
   dfiles               = ""
   pfiles               = ""
   product_control_dir  = "bin_package"
   fileset_dir          = "doc"
   pathname             = "usr/share/doc/swbis/swbisparse_1.html"
   filename             = "swbisparse_1.html"
   is catalog           = "0"
...
swbis.bin/bin_package/man/
   pkgpathname          = "swbis.bin/bin_package/man/"
   prepath              = "swbis.bin"
   dfiles               = ""
   pfiles               = ""
   product_control_dir  = "bin_package"
   fileset_dir          = "man"
   pathname             = ""
   filename             = ""
   is catalog           = "0"
...
swbis.bin/bin_package/man/usr/share/man/man1/swign.1
   pkgpathname          = "swbis.bin/bin_package/man/usr/share/man/man1/swign.1"
   prepath              = "swbis.bin"
   dfiles               = ""
   pfiles               = ""
   product_control_dir  = "bin_package"
   fileset_dir          = "man"
   pathname             = "usr/share/man/man1/swign.1"
   filename             = "swign.1"
   is catalog           = "0"
...
swbis.bin/bin_package/man/usr/share/man/man1/swbisparse.1
   pkgpathname          = "swbis.bin/bin_package/man/usr/share/man/man1/swbisparse.1"
   prepath              = "swbis.bin"
   dfiles               = ""
   pfiles               = ""
   product_control_dir  = "bin_package"
   fileset_dir          = "man"
   pathname             = "usr/share/man/man1/swbisparse.1"
   filename             = "swbisparse.1"
   is catalog           = "0"
...
swbis.bin/bin_package/man/usr/share/man/man5/sw.5
   pkgpathname          = "swbis.bin/bin_package/man/usr/share/man/man5/sw.5"
   prepath              = "swbis.bin"
   dfiles               = ""
   pfiles               = ""
   product_control_dir  = "bin_package"
   fileset_dir          = "man"
   pathname             = "usr/share/man/man5/sw.5"
   filename             = "sw.5"
   is catalog           = "0"
...
swbis.bin/bin_package/man/usr/share/man/man8/swverify.8
   pkgpathname          = "swbis.bin/bin_package/man/usr/share/man/man8/swverify.8"
   prepath              = "swbis.bin"
   dfiles               = ""
   pfiles               = ""
   product_control_dir  = "bin_package"
   fileset_dir          = "man"
   pathname             = "usr/share/man/man8/swverify.8"
   filename             = "swverify.8"
   is catalog           = "0"
...
swbis.bin/bin_package/man/usr/share/man/man8/swpackage.8
   pkgpathname          = "swbis.bin/bin_package/man/usr/share/man/man8/swpackage.8"
   prepath              = "swbis.bin"
   dfiles               = ""
   pfiles               = ""
   product_control_dir  = "bin_package"
   fileset_dir          = "man"
   pathname             = "usr/share/man/man8/swpackage.8"
   filename             = "swpackage.8"
   is catalog           = "0"
