...
catalog
   pkgpathname          = "catalog"
   prepath              = ""
   dfiles               = ""
   pfiles               = ""
   product_control_dir  = ""
   fileset_dir          = ""
   pathname             = ""
   filename             = ""
   is catalog           = "1"
...
catalog/INDEX
   pkgpathname          = "catalog/INDEX"
   prepath              = ""
   dfiles               = ""
   pfiles               = ""
   product_control_dir  = ""
   fileset_dir          = ""
   pathname             = "INDEX"
   filename             = "INDEX"
   is catalog           = "1"
...
catalog/dfiles
   pkgpathname          = "catalog/dfiles"
   prepath              = ""
   dfiles               = "dfiles"
   pfiles               = ""
   product_control_dir  = ""
   fileset_dir          = ""
   pathname             = ""
   filename             = ""
   is catalog           = "1"
...
catalog/dfiles/INFO
   pkgpathname          = "catalog/dfiles/INFO"
   prepath              = ""
   dfiles               = "dfiles"
   pfiles               = ""
   product_control_dir  = ""
   fileset_dir          = ""
   pathname             = "INFO"
   filename             = "INFO"
   is catalog           = "1"
...
catalog/dfiles/signature
   pkgpathname          = "catalog/dfiles/signature"
   prepath              = ""
   dfiles               = "dfiles"
   pfiles               = ""
   product_control_dir  = ""
   fileset_dir          = ""
   pathname             = "signature"
   filename             = "signature"
   is catalog           = "1"
...
catalog/cc/rfiles
   pkgpathname          = "catalog/cc/rfiles"
   prepath              = ""
   dfiles               = ""
   pfiles               = "rfiles"
   product_control_dir  = "cc"
   fileset_dir          = ""
   pathname             = ""
   filename             = ""
   is catalog           = "1"
...
catalog/cc/rfiles/INFO
   pkgpathname          = "catalog/cc/rfiles/INFO"
   prepath              = ""
   dfiles               = ""
   pfiles               = "rfiles"
   product_control_dir  = "cc"
   fileset_dir          = ""
   pathname             = "INFO"
   filename             = "INFO"
   is catalog           = "1"
...
catalog/cc/rfiles/uninstall
   pkgpathname          = "catalog/cc/rfiles/uninstall"
   prepath              = ""
   dfiles               = ""
   pfiles               = "rfiles"
   product_control_dir  = "cc"
   fileset_dir          = ""
   pathname             = "uninstall"
   filename             = "uninstall"
   is catalog           = "1"
...
catalog/cc/dd/INFO
   pkgpathname          = "catalog/cc/dd/INFO"
   prepath              = ""
   dfiles               = ""
   pfiles               = ""
   product_control_dir  = "cc"
   fileset_dir          = "dd"
   pathname             = "INFO"
   filename             = "INFO"
   is catalog           = "1"
...
catalog/prod2
   pkgpathname          = "catalog/prod2"
   prepath              = ""
   dfiles               = ""
   pfiles               = ""
   product_control_dir  = "prod2"
   fileset_dir          = ""
   pathname             = ""
   filename             = ""
   is catalog           = "1"
...
catalog/prod2/pfiles
   pkgpathname          = "catalog/prod2/pfiles"
   prepath              = ""
   dfiles               = ""
   pfiles               = "pfiles"
   product_control_dir  = "prod2"
   fileset_dir          = ""
   pathname             = ""
   filename             = ""
   is catalog           = "1"
...
catalog/prod2/pfiles/INFO
   pkgpathname          = "catalog/prod2/pfiles/INFO"
   prepath              = ""
   dfiles               = ""
   pfiles               = "pfiles"
   product_control_dir  = "prod2"
   fileset_dir          = ""
   pathname             = "INFO"
   filename             = "INFO"
   is catalog           = "1"
...
catalog/prod2/pfiles/configure
   pkgpathname          = "catalog/prod2/pfiles/configure"
   prepath              = ""
   dfiles               = ""
   pfiles               = "pfiles"
   product_control_dir  = "prod2"
   fileset_dir          = ""
   pathname             = "configure"
   filename             = "configure"
   is catalog           = "1"
...
catalog/prod2/fileset1/INFO
   pkgpathname          = "catalog/prod2/fileset1/INFO"
   prepath              = ""
   dfiles               = ""
   pfiles               = ""
   product_control_dir  = "prod2"
   fileset_dir          = "fileset1"
   pathname             = "INFO"
   filename             = "INFO"
   is catalog           = "1"
...
catalog/prod2/fileset1/preinstall
   pkgpathname          = "catalog/prod2/fileset1/preinstall"
   prepath              = ""
   dfiles               = ""
   pfiles               = ""
   product_control_dir  = "prod2"
   fileset_dir          = "fileset1"
   pathname             = "preinstall"
   filename             = "preinstall"
   is catalog           = "1"
...
catalog/prod2/fileset2/INFO
   pkgpathname          = "catalog/prod2/fileset2/INFO"
   prepath              = ""
   dfiles               = ""
   pfiles               = ""
   product_control_dir  = "prod2"
   fileset_dir          = "fileset2"
   pathname             = "INFO"
   filename             = "INFO"
   is catalog           = "1"
...
catalog/prod2/fileset2/preinstall
   pkgpathname          = "catalog/prod2/fileset2/preinstall"
   prepath              = ""
   dfiles               = ""
   pfiles               = ""
   product_control_dir  = "prod2"
   fileset_dir          = "fileset2"
   pathname             = "preinstall"
   filename             = "preinstall"
   is catalog           = "1"
...
cc/dd/etc/passwd
   pkgpathname          = "cc/dd/etc/passwd"
   prepath              = ""
   dfiles               = ""
   pfiles               = ""
   product_control_dir  = "cc"
   fileset_dir          = "dd"
   pathname             = "etc/passwd"
   filename             = "passwd"
   is catalog           = "0"
...
prod2/fileset1/usr/bin/cp
   pkgpathname          = "prod2/fileset1/usr/bin/cp"
   prepath              = ""
   dfiles               = ""
   pfiles               = ""
   product_control_dir  = "prod2"
   fileset_dir          = "fileset1"
   pathname             = "usr/bin/cp"
   filename             = "cp"
   is catalog           = "0"
...
prod2/fileset2/usr/bin/mv
   pkgpathname          = "prod2/fileset2/usr/bin/mv"
   prepath              = ""
   dfiles               = ""
   pfiles               = ""
   product_control_dir  = "prod2"
   fileset_dir          = "fileset2"
   pathname             = "usr/bin/mv"
   filename             = "mv"
   is catalog           = "0"
