...
catalog
   pkgpathname          = "catalog"
   prepath              = ""
   dfiles               = ""
   pfiles               = ""
   product_control_dir  = ""
   fileset_dir          = ""
   pathname             = ""
   filename             = ""
   is catalog           = "1"
   control_depth        = "0"
...
catalog/INDEX
   pkgpathname          = "catalog/INDEX"
   prepath              = ""
   dfiles               = ""
   pfiles               = ""
   product_control_dir  = ""
   fileset_dir          = ""
   pathname             = "INDEX"
   filename             = "INDEX"
   is catalog           = "1"
   control_depth        = "0"
...
catalog/mydfiles
   pkgpathname          = "catalog/mydfiles"
   prepath              = ""
   dfiles               = "mydfiles"
   pfiles               = ""
   product_control_dir  = ""
   fileset_dir          = ""
   pathname             = ""
   filename             = ""
   is catalog           = "1"
   control_depth        = "0"
...
catalog/mydfiles/INDEX
   pkgpathname          = "catalog/mydfiles/INDEX"
   prepath              = ""
   dfiles               = "mydfiles"
   pfiles               = ""
   product_control_dir  = ""
   fileset_dir          = ""
   pathname             = "INDEX"
   filename             = "INDEX"
   is catalog           = "1"
   control_depth        = "0"
...
catalog/mydfiles/INFO
   pkgpathname          = "catalog/mydfiles/INFO"
   prepath              = ""
   dfiles               = "mydfiles"
   pfiles               = ""
   product_control_dir  = ""
   fileset_dir          = ""
   pathname             = "INFO"
   filename             = "INFO"
   is catalog           = "1"
   control_depth        = "0"
...
catalog/mydfiles/signature
   pkgpathname          = "catalog/mydfiles/signature"
   prepath              = ""
   dfiles               = "mydfiles"
   pfiles               = ""
   product_control_dir  = ""
   fileset_dir          = ""
   pathname             = "signature"
   filename             = "signature"
   is catalog           = "1"
   control_depth        = "0"
...
etc/passwd.OLD
   pkgpathname          = "etc/passwd.OLD"
   prepath              = ""
   dfiles               = ""
   pfiles               = ""
   product_control_dir  = ""
   fileset_dir          = ""
   pathname             = "etc/passwd.OLD"
   filename             = "passwd.OLD"
   is catalog           = "0"
   control_depth        = "0"
...
usr/bin/cp.OLD
   pkgpathname          = "usr/bin/cp.OLD"
   prepath              = ""
   dfiles               = ""
   pfiles               = ""
   product_control_dir  = ""
   fileset_dir          = ""
   pathname             = "usr/bin/cp.OLD"
   filename             = "cp.OLD"
   is catalog           = "0"
   control_depth        = "0"
...
usr/bin/mv.OLD
   pkgpathname          = "usr/bin/mv.OLD"
   prepath              = ""
   dfiles               = ""
   pfiles               = ""
   product_control_dir  = ""
   fileset_dir          = ""
   pathname             = "usr/bin/mv.OLD"
   filename             = "mv.OLD"
   is catalog           = "0"
   control_depth        = "0"
