...
bb
   pkgpathname          = "bb"
   prepath              = "bb"
   dfiles               = ""
   pfiles               = ""
   product_control_dir  = ""
   fileset_dir          = ""
   pathname             = ""
   filename             = ""
   is catalog           = "-1"
...
bb/catalog
   pkgpathname          = "bb/catalog"
   prepath              = "bb"
   dfiles               = ""
   pfiles               = ""
   product_control_dir  = ""
   fileset_dir          = ""
   pathname             = ""
   filename             = ""
   is catalog           = "1"
...
bb/catalog/INDEX
   pkgpathname          = "bb/catalog/INDEX"
   prepath              = "bb"
   dfiles               = ""
   pfiles               = ""
   product_control_dir  = ""
   fileset_dir          = ""
   pathname             = "INDEX"
   filename             = "INDEX"
   is catalog           = "1"
...
bb/catalog/dfiles
   pkgpathname          = "bb/catalog/dfiles"
   prepath              = "bb"
   dfiles               = "dfiles"
   pfiles               = ""
   product_control_dir  = ""
   fileset_dir          = ""
   pathname             = ""
   filename             = ""
   is catalog           = "1"
...
bb/catalog/dfiles/INFO
   pkgpathname          = "bb/catalog/dfiles/INFO"
   prepath              = "bb"
   dfiles               = "dfiles"
   pfiles               = ""
   product_control_dir  = ""
   fileset_dir          = ""
   pathname             = "INFO"
   filename             = "INFO"
   is catalog           = "1"
...
bb/catalog/dfiles/signature
   pkgpathname          = "bb/catalog/dfiles/signature"
   prepath              = "bb"
   dfiles               = "dfiles"
   pfiles               = ""
   product_control_dir  = ""
   fileset_dir          = ""
   pathname             = "signature"
   filename             = "signature"
   is catalog           = "1"
...
bb/catalog/cc/pfiles
   pkgpathname          = "bb/catalog/cc/pfiles"
   prepath              = "bb"
   dfiles               = ""
   pfiles               = "pfiles"
   product_control_dir  = "cc"
   fileset_dir          = ""
   pathname             = ""
   filename             = ""
   is catalog           = "1"
...
bb/catalog/cc/pfiles/INFO
   pkgpathname          = "bb/catalog/cc/pfiles/INFO"
   prepath              = "bb"
   dfiles               = ""
   pfiles               = "pfiles"
   product_control_dir  = "cc"
   fileset_dir          = ""
   pathname             = "INFO"
   filename             = "INFO"
   is catalog           = "1"
...
bb/catalog/cc/dd/INFO
   pkgpathname          = "bb/catalog/cc/dd/INFO"
   prepath              = "bb"
   dfiles               = ""
   pfiles               = ""
   product_control_dir  = "cc"
   fileset_dir          = "dd"
   pathname             = "INFO"
   filename             = "INFO"
   is catalog           = "1"
...
bb/cc/dd/etc/passwd
   pkgpathname          = "bb/cc/dd/etc/passwd"
   prepath              = "bb"
   dfiles               = ""
   pfiles               = ""
   product_control_dir  = "cc"
   fileset_dir          = "dd"
   pathname             = "etc/passwd"
   filename             = "passwd"
   is catalog           = "0"
