...
catalog
   pkgpathname          = "catalog"
   prepath              = ""
   dfiles               = ""
   pfiles               = ""
   product_control_dir  = ""
   fileset_dir          = ""
   pathname             = ""
   filename             = ""
   is catalog           = "1"
...
catalog/INDEX
   pkgpathname          = "catalog/INDEX"
   prepath              = ""
   dfiles               = ""
   pfiles               = ""
   product_control_dir  = ""
   fileset_dir          = ""
   pathname             = "INDEX"
   filename             = "INDEX"
   is catalog           = "1"
...
catalog/dfiles
   pkgpathname          = "catalog/dfiles"
   prepath              = ""
   dfiles               = "dfiles"
   pfiles               = ""
   product_control_dir  = ""
   fileset_dir          = ""
   pathname             = ""
   filename             = ""
   is catalog           = "1"
...
catalog/dfiles/INFO
   pkgpathname          = "catalog/dfiles/INFO"
   prepath              = ""
   dfiles               = "dfiles"
   pfiles               = ""
   product_control_dir  = ""
   fileset_dir          = ""
   pathname             = "INFO"
   filename             = "INFO"
   is catalog           = "1"
...
catalog/dfiles/signature
   pkgpathname          = "catalog/dfiles/signature"
   prepath              = ""
   dfiles               = "dfiles"
   pfiles               = ""
   product_control_dir  = ""
   fileset_dir          = ""
   pathname             = "signature"
   filename             = "signature"
   is catalog           = "1"
...
catalog/cc/rfiles
   pkgpathname          = "catalog/cc/rfiles"
   prepath              = ""
   dfiles               = ""
   pfiles               = "rfiles"
   product_control_dir  = "cc"
   fileset_dir          = ""
   pathname             = ""
   filename             = ""
   is catalog           = "1"
...
catalog/cc/rfiles/INFO
   pkgpathname          = "catalog/cc/rfiles/INFO"
   prepath              = ""
   dfiles               = ""
   pfiles               = "rfiles"
   product_control_dir  = "cc"
   fileset_dir          = ""
   pathname             = "INFO"
   filename             = "INFO"
   is catalog           = "1"
...
catalog/cc/dd/INFO
   pkgpathname          = "catalog/cc/dd/INFO"
   prepath              = ""
   dfiles               = ""
   pfiles               = ""
   product_control_dir  = "cc"
   fileset_dir          = "dd"
   pathname             = "INFO"
   filename             = "INFO"
   is catalog           = "1"
...
cc/dd/etc/passwd
   pkgpathname          = "cc/dd/etc/passwd"
   prepath              = ""
   dfiles               = ""
   pfiles               = ""
   product_control_dir  = "cc"
   fileset_dir          = "dd"
   pathname             = "etc/passwd"
   filename             = "passwd"
   is catalog           = "0"
